16:19:13.503 [ApplicationImpl pooled thread 1194] INFO  c.b.s.l.BrowserStackRunExtension - testng
16:19:13.504 [ApplicationImpl pooled thread 1194] INFO  com.browserstack.sdk.utils.Helpers - null
16:19:13.504 [ApplicationImpl pooled thread 1194] INFO  c.b.s.l.BrowserStackRunExtension - Agent path: null
16:41:26.360 [ApplicationImpl pooled thread 1207] INFO  c.b.s.l.BrowserStackRunExtension - testng
16:41:26.360 [ApplicationImpl pooled thread 1207] INFO  com.browserstack.sdk.utils.Helpers - null
16:41:26.361 [ApplicationImpl pooled thread 1207] INFO  c.b.s.l.BrowserStackRunExtension - Agent path: null
16:43:44.475 [AWT-EventQueue-0] INFO  c.b.sdk.actions.DisableBrowserStack - Setting disable browserstack run update
16:43:44.481 [AWT-EventQueue-0] INFO  c.b.sdk.actions.EnableBrowserStack - Setting enable browserstack run update
16:43:47.179 [AWT-EventQueue-0] INFO  c.b.sdk.actions.DisableBrowserStack - Setting disable browserstack run update
16:43:47.187 [AWT-EventQueue-0] INFO  c.b.sdk.actions.EnableBrowserStack - Setting enable browserstack run update
16:44:01.156 [AWT-EventQueue-0] INFO  c.b.sdk.actions.DisableBrowserStack - Setting disable browserstack run update
16:44:01.165 [AWT-EventQueue-0] INFO  c.b.sdk.actions.EnableBrowserStack - Setting enable browserstack run update
16:44:16.935 [AWT-EventQueue-0] INFO  c.b.sdk.actions.DisableBrowserStack - Setting disable browserstack run update
16:44:16.946 [AWT-EventQueue-0] INFO  c.b.sdk.actions.EnableBrowserStack - Setting enable browserstack run update
16:45:38.201 [AWT-EventQueue-0] INFO  c.b.sdk.actions.DisableBrowserStack - Setting disable browserstack run update
16:45:38.211 [AWT-EventQueue-0] INFO  c.b.sdk.actions.EnableBrowserStack - Setting enable browserstack run update
17:03:01.679 [ApplicationImpl pooled thread 1217] INFO  c.b.s.l.BrowserStackRunExtension - testng
17:03:01.679 [ApplicationImpl pooled thread 1217] INFO  com.browserstack.sdk.utils.Helpers - null
17:03:01.680 [ApplicationImpl pooled thread 1217] INFO  c.b.s.l.BrowserStackRunExtension - Agent path: null
15:25:40.971 [ApplicationImpl pooled thread 1488] INFO  c.b.s.l.BrowserStackRunExtension - testng
15:25:40.974 [ApplicationImpl pooled thread 1488] INFO  com.browserstack.sdk.utils.Helpers - null
15:25:40.975 [ApplicationImpl pooled thread 1488] INFO  c.b.s.l.BrowserStackRunExtension - Agent path: null
15:26:19.233 [ApplicationImpl pooled thread 1490] INFO  c.b.s.l.BrowserStackRunExtension - testng
15:26:19.233 [ApplicationImpl pooled thread 1490] INFO  com.browserstack.sdk.utils.Helpers - null
15:26:19.234 [ApplicationImpl pooled thread 1490] INFO  c.b.s.l.BrowserStackRunExtension - Agent path: null
15:28:21.904 [ApplicationImpl pooled thread 1493] INFO  c.b.s.l.BrowserStackRunExtension - testng
15:28:21.904 [ApplicationImpl pooled thread 1493] INFO  com.browserstack.sdk.utils.Helpers - null
15:28:21.904 [ApplicationImpl pooled thread 1493] INFO  c.b.s.l.BrowserStackRunExtension - Agent path: null
15:34:43.043 [ApplicationImpl pooled thread 1497] INFO  c.b.s.l.BrowserStackRunExtension - testng
15:34:43.044 [ApplicationImpl pooled thread 1497] INFO  com.browserstack.sdk.utils.Helpers - null
15:34:43.044 [ApplicationImpl pooled thread 1497] INFO  c.b.s.l.BrowserStackRunExtension - Agent path: null
15:35:22.919 [ApplicationImpl pooled thread 1497] INFO  c.b.s.l.BrowserStackRunExtension - testng
15:35:22.919 [ApplicationImpl pooled thread 1497] INFO  com.browserstack.sdk.utils.Helpers - null
15:35:22.920 [ApplicationImpl pooled thread 1497] INFO  c.b.s.l.BrowserStackRunExtension - Agent path: null
15:36:12.284 [ApplicationImpl pooled thread 1500] INFO  c.b.s.l.BrowserStackRunExtension - testng
15:36:12.284 [ApplicationImpl pooled thread 1500] INFO  com.browserstack.sdk.utils.Helpers - null
15:36:12.284 [ApplicationImpl pooled thread 1500] INFO  c.b.s.l.BrowserStackRunExtension - Agent path: null
16:17:20.090 [ApplicationImpl pooled thread 1510] INFO  c.b.s.l.BrowserStackRunExtension - testng
16:17:20.091 [ApplicationImpl pooled thread 1510] INFO  com.browserstack.sdk.utils.Helpers - null
16:17:20.091 [ApplicationImpl pooled thread 1510] INFO  c.b.s.l.BrowserStackRunExtension - Agent path: null
16:21:28.236 [ApplicationImpl pooled thread 1514] INFO  c.b.s.l.BrowserStackRunExtension - testng
16:21:28.236 [ApplicationImpl pooled thread 1514] INFO  com.browserstack.sdk.utils.Helpers - null
16:21:28.236 [ApplicationImpl pooled thread 1514] INFO  c.b.s.l.BrowserStackRunExtension - Agent path: null
16:21:36.715 [ApplicationImpl pooled thread 1516] INFO  c.b.s.l.BrowserStackRunExtension - testng
16:21:36.715 [ApplicationImpl pooled thread 1516] INFO  com.browserstack.sdk.utils.Helpers - null
16:21:36.715 [ApplicationImpl pooled thread 1516] INFO  c.b.s.l.BrowserStackRunExtension - Agent path: null
16:21:50.566 [ApplicationImpl pooled thread 1512] INFO  c.b.s.l.BrowserStackRunExtension - testng
16:21:50.566 [ApplicationImpl pooled thread 1512] INFO  com.browserstack.sdk.utils.Helpers - null
16:21:50.566 [ApplicationImpl pooled thread 1512] INFO  c.b.s.l.BrowserStackRunExtension - Agent path: null
16:28:10.646 [ApplicationImpl pooled thread 1514] INFO  c.b.s.l.BrowserStackRunExtension - testng
16:28:10.647 [ApplicationImpl pooled thread 1514] INFO  com.browserstack.sdk.utils.Helpers - null
16:28:10.647 [ApplicationImpl pooled thread 1514] INFO  c.b.s.l.BrowserStackRunExtension - Agent path: null
16:34:54.643 [ApplicationImpl pooled thread 1520] INFO  c.b.s.l.BrowserStackRunExtension - testng
16:34:54.643 [ApplicationImpl pooled thread 1520] INFO  com.browserstack.sdk.utils.Helpers - null
16:34:54.643 [ApplicationImpl pooled thread 1520] INFO  c.b.s.l.BrowserStackRunExtension - Agent path: null
17:07:23.664 [ApplicationImpl pooled thread 1526] INFO  c.b.s.l.BrowserStackRunExtension - testng
17:07:23.664 [ApplicationImpl pooled thread 1526] INFO  com.browserstack.sdk.utils.Helpers - null
17:07:23.664 [ApplicationImpl pooled thread 1526] INFO  c.b.s.l.BrowserStackRunExtension - Agent path: null
17:10:28.903 [ApplicationImpl pooled thread 1527] INFO  c.b.s.l.BrowserStackRunExtension - testng
17:10:28.903 [ApplicationImpl pooled thread 1527] INFO  com.browserstack.sdk.utils.Helpers - null
17:10:28.903 [ApplicationImpl pooled thread 1527] INFO  c.b.s.l.BrowserStackRunExtension - Agent path: null
17:15:28.978 [ApplicationImpl pooled thread 1529] INFO  c.b.s.l.BrowserStackRunExtension - testng
17:15:28.978 [ApplicationImpl pooled thread 1529] INFO  com.browserstack.sdk.utils.Helpers - null
17:15:28.978 [ApplicationImpl pooled thread 1529] INFO  c.b.s.l.BrowserStackRunExtension - Agent path: null
17:16:21.032 [ApplicationImpl pooled thread 1533] INFO  c.b.s.l.BrowserStackRunExtension - testng
17:16:21.032 [ApplicationImpl pooled thread 1533] INFO  com.browserstack.sdk.utils.Helpers - null
17:16:21.033 [ApplicationImpl pooled thread 1533] INFO  c.b.s.l.BrowserStackRunExtension - Agent path: null
17:09:31.294 [ApplicationImpl pooled thread 2997] INFO  c.b.s.l.BrowserStackRunExtension - testng
17:09:31.295 [ApplicationImpl pooled thread 2997] INFO  com.browserstack.sdk.utils.Helpers - null
17:09:31.295 [ApplicationImpl pooled thread 2997] INFO  c.b.s.l.BrowserStackRunExtension - Agent path: null
17:14:09.557 [ApplicationImpl pooled thread 3001] INFO  c.b.s.l.BrowserStackRunExtension - testng
17:14:09.557 [ApplicationImpl pooled thread 3001] INFO  com.browserstack.sdk.utils.Helpers - null
17:14:09.557 [ApplicationImpl pooled thread 3001] INFO  c.b.s.l.BrowserStackRunExtension - Agent path: null
17:14:33.787 [ApplicationImpl pooled thread 3006] INFO  c.b.s.l.BrowserStackRunExtension - testng
17:14:33.787 [ApplicationImpl pooled thread 3006] INFO  com.browserstack.sdk.utils.Helpers - null
17:14:33.787 [ApplicationImpl pooled thread 3006] INFO  c.b.s.l.BrowserStackRunExtension - Agent path: null
17:25:45.359 [ApplicationImpl pooled thread 3009] INFO  c.b.s.l.BrowserStackRunExtension - testng
17:25:45.360 [ApplicationImpl pooled thread 3009] INFO  com.browserstack.sdk.utils.Helpers - null
17:25:45.360 [ApplicationImpl pooled thread 3009] INFO  c.b.s.l.BrowserStackRunExtension - Agent path: null
17:30:38.880 [ApplicationImpl pooled thread 3014] INFO  c.b.s.l.BrowserStackRunExtension - testng
17:30:38.880 [ApplicationImpl pooled thread 3014] INFO  com.browserstack.sdk.utils.Helpers - null
17:30:38.881 [ApplicationImpl pooled thread 3014] INFO  c.b.s.l.BrowserStackRunExtension - Agent path: null
17:34:01.948 [ApplicationImpl pooled thread 3018] INFO  c.b.s.l.BrowserStackRunExtension - testng
17:34:01.948 [ApplicationImpl pooled thread 3018] INFO  com.browserstack.sdk.utils.Helpers - null
17:34:01.948 [ApplicationImpl pooled thread 3018] INFO  c.b.s.l.BrowserStackRunExtension - Agent path: null
15:03:33.420 [ApplicationImpl pooled thread 3136] INFO  c.b.s.l.BrowserStackRunExtension - testng
15:03:33.421 [ApplicationImpl pooled thread 3136] INFO  com.browserstack.sdk.utils.Helpers - null
15:03:33.421 [ApplicationImpl pooled thread 3136] INFO  c.b.s.l.BrowserStackRunExtension - Agent path: null
15:09:02.289 [ApplicationImpl pooled thread 3141] INFO  c.b.s.l.BrowserStackRunExtension - testng
15:09:02.289 [ApplicationImpl pooled thread 3141] INFO  com.browserstack.sdk.utils.Helpers - null
15:09:02.289 [ApplicationImpl pooled thread 3141] INFO  c.b.s.l.BrowserStackRunExtension - Agent path: null
15:09:39.765 [ApplicationImpl pooled thread 3142] INFO  c.b.s.l.BrowserStackRunExtension - testng
15:09:39.766 [ApplicationImpl pooled thread 3142] INFO  com.browserstack.sdk.utils.Helpers - null
15:09:39.766 [ApplicationImpl pooled thread 3142] INFO  c.b.s.l.BrowserStackRunExtension - Agent path: null
15:11:06.564 [ApplicationImpl pooled thread 3143] INFO  c.b.s.l.BrowserStackRunExtension - testng
15:11:06.564 [ApplicationImpl pooled thread 3143] INFO  com.browserstack.sdk.utils.Helpers - null
15:11:06.564 [ApplicationImpl pooled thread 3143] INFO  c.b.s.l.BrowserStackRunExtension - Agent path: null
14:47:41.498 [ApplicationImpl pooled thread 3436] INFO  c.b.s.l.BrowserStackRunExtension - testng
14:47:41.498 [ApplicationImpl pooled thread 3436] INFO  com.browserstack.sdk.utils.Helpers - null
14:47:41.498 [ApplicationImpl pooled thread 3436] INFO  c.b.s.l.BrowserStackRunExtension - Agent path: null
14:47:51.250 [ApplicationImpl pooled thread 3436] INFO  c.b.s.l.BrowserStackRunExtension - testng
14:47:51.251 [ApplicationImpl pooled thread 3436] INFO  com.browserstack.sdk.utils.Helpers - null
14:47:51.251 [ApplicationImpl pooled thread 3436] INFO  c.b.s.l.BrowserStackRunExtension - Agent path: null
14:49:27.184 [ApplicationImpl pooled thread 3442] INFO  c.b.s.l.BrowserStackRunExtension - testng
14:49:27.184 [ApplicationImpl pooled thread 3442] INFO  com.browserstack.sdk.utils.Helpers - null
14:49:27.185 [ApplicationImpl pooled thread 3442] INFO  c.b.s.l.BrowserStackRunExtension - Agent path: null
14:51:12.670 [ApplicationImpl pooled thread 3445] INFO  c.b.s.l.BrowserStackRunExtension - testng
14:51:12.671 [ApplicationImpl pooled thread 3445] INFO  com.browserstack.sdk.utils.Helpers - null
14:51:12.671 [ApplicationImpl pooled thread 3445] INFO  c.b.s.l.BrowserStackRunExtension - Agent path: null
14:56:17.162 [ApplicationImpl pooled thread 3445] INFO  c.b.s.l.BrowserStackRunExtension - testng
14:56:17.162 [ApplicationImpl pooled thread 3445] INFO  com.browserstack.sdk.utils.Helpers - null
14:56:17.163 [ApplicationImpl pooled thread 3445] INFO  c.b.s.l.BrowserStackRunExtension - Agent path: null
14:58:14.614 [ApplicationImpl pooled thread 3445] INFO  c.b.s.l.BrowserStackRunExtension - testng
14:58:14.614 [ApplicationImpl pooled thread 3445] INFO  com.browserstack.sdk.utils.Helpers - null
14:58:14.614 [ApplicationImpl pooled thread 3445] INFO  c.b.s.l.BrowserStackRunExtension - Agent path: null
14:59:20.425 [ApplicationImpl pooled thread 3450] INFO  c.b.s.l.BrowserStackRunExtension - testng
14:59:20.426 [ApplicationImpl pooled thread 3450] INFO  com.browserstack.sdk.utils.Helpers - null
14:59:20.426 [ApplicationImpl pooled thread 3450] INFO  c.b.s.l.BrowserStackRunExtension - Agent path: null
15:00:26.890 [ApplicationImpl pooled thread 3445] INFO  c.b.s.l.BrowserStackRunExtension - testng
15:00:26.890 [ApplicationImpl pooled thread 3445] INFO  com.browserstack.sdk.utils.Helpers - null
15:00:26.891 [ApplicationImpl pooled thread 3445] INFO  c.b.s.l.BrowserStackRunExtension - Agent path: null
15:50:10.454 [ApplicationImpl pooled thread 3476] INFO  c.b.s.l.BrowserStackRunExtension - testng
15:50:10.455 [ApplicationImpl pooled thread 3476] INFO  com.browserstack.sdk.utils.Helpers - null
15:50:10.455 [ApplicationImpl pooled thread 3476] INFO  c.b.s.l.BrowserStackRunExtension - Agent path: null
15:52:43.824 [ApplicationImpl pooled thread 3476] INFO  c.b.s.l.BrowserStackRunExtension - testng
15:52:43.824 [ApplicationImpl pooled thread 3476] INFO  com.browserstack.sdk.utils.Helpers - null
15:52:43.825 [ApplicationImpl pooled thread 3476] INFO  c.b.s.l.BrowserStackRunExtension - Agent path: null
15:52:59.708 [ApplicationImpl pooled thread 3480] INFO  c.b.s.l.BrowserStackRunExtension - testng
15:52:59.709 [ApplicationImpl pooled thread 3480] INFO  com.browserstack.sdk.utils.Helpers - null
15:52:59.709 [ApplicationImpl pooled thread 3480] INFO  c.b.s.l.BrowserStackRunExtension - Agent path: null
15:53:29.733 [ApplicationImpl pooled thread 3480] INFO  c.b.s.l.BrowserStackRunExtension - testng
15:53:29.733 [ApplicationImpl pooled thread 3480] INFO  com.browserstack.sdk.utils.Helpers - null
15:53:29.733 [ApplicationImpl pooled thread 3480] INFO  c.b.s.l.BrowserStackRunExtension - Agent path: null
15:56:16.205 [ApplicationImpl pooled thread 3482] INFO  c.b.s.l.BrowserStackRunExtension - testng
15:56:16.206 [ApplicationImpl pooled thread 3482] INFO  com.browserstack.sdk.utils.Helpers - null
15:56:16.206 [ApplicationImpl pooled thread 3482] INFO  c.b.s.l.BrowserStackRunExtension - Agent path: null
12:57:24.936 [ApplicationImpl pooled thread 3606] INFO  c.b.s.l.BrowserStackRunExtension - testng
12:57:24.937 [ApplicationImpl pooled thread 3606] INFO  com.browserstack.sdk.utils.Helpers - null
12:57:24.937 [ApplicationImpl pooled thread 3606] INFO  c.b.s.l.BrowserStackRunExtension - Agent path: null
20:58:57.335 [ApplicationImpl pooled thread 4426] INFO  c.b.s.l.BrowserStackRunExtension - testng
20:58:57.335 [ApplicationImpl pooled thread 4426] INFO  com.browserstack.sdk.utils.Helpers - null
20:58:57.337 [ApplicationImpl pooled thread 4426] INFO  c.b.s.l.BrowserStackRunExtension - Agent path: null
21:02:19.227 [ApplicationImpl pooled thread 4433] INFO  c.b.s.l.BrowserStackRunExtension - testng
21:02:19.227 [ApplicationImpl pooled thread 4433] INFO  com.browserstack.sdk.utils.Helpers - null
21:02:19.228 [ApplicationImpl pooled thread 4433] INFO  c.b.s.l.BrowserStackRunExtension - Agent path: null
21:03:25.122 [ApplicationImpl pooled thread 4426] INFO  c.b.s.l.BrowserStackRunExtension - testng
21:03:25.122 [ApplicationImpl pooled thread 4426] INFO  com.browserstack.sdk.utils.Helpers - null
21:03:25.123 [ApplicationImpl pooled thread 4426] INFO  c.b.s.l.BrowserStackRunExtension - Agent path: null
21:04:21.632 [ApplicationImpl pooled thread 4437] INFO  c.b.s.l.BrowserStackRunExtension - testng
21:04:21.632 [ApplicationImpl pooled thread 4437] INFO  com.browserstack.sdk.utils.Helpers - null
21:04:21.633 [ApplicationImpl pooled thread 4437] INFO  c.b.s.l.BrowserStackRunExtension - Agent path: null
21:05:47.698 [ApplicationImpl pooled thread 4426] INFO  c.b.s.l.BrowserStackRunExtension - testng
21:05:47.698 [ApplicationImpl pooled thread 4426] INFO  com.browserstack.sdk.utils.Helpers - null
21:05:47.698 [ApplicationImpl pooled thread 4426] INFO  c.b.s.l.BrowserStackRunExtension - Agent path: null
21:06:52.198 [ApplicationImpl pooled thread 4433] INFO  c.b.s.l.BrowserStackRunExtension - testng
21:06:52.198 [ApplicationImpl pooled thread 4433] INFO  com.browserstack.sdk.utils.Helpers - null
21:06:52.198 [ApplicationImpl pooled thread 4433] INFO  c.b.s.l.BrowserStackRunExtension - Agent path: null
21:06:55.649 [ApplicationImpl pooled thread 4437] INFO  c.b.s.l.BrowserStackRunExtension - testng
21:06:55.649 [ApplicationImpl pooled thread 4437] INFO  com.browserstack.sdk.utils.Helpers - null
21:06:55.649 [ApplicationImpl pooled thread 4437] INFO  c.b.s.l.BrowserStackRunExtension - Agent path: null
21:07:47.329 [ApplicationImpl pooled thread 4437] INFO  c.b.s.l.BrowserStackRunExtension - testng
21:07:47.330 [ApplicationImpl pooled thread 4437] INFO  com.browserstack.sdk.utils.Helpers - null
21:07:47.330 [ApplicationImpl pooled thread 4437] INFO  c.b.s.l.BrowserStackRunExtension - Agent path: null
21:09:28.352 [ApplicationImpl pooled thread 4441] INFO  c.b.s.l.BrowserStackRunExtension - testng
21:09:28.352 [ApplicationImpl pooled thread 4441] INFO  com.browserstack.sdk.utils.Helpers - null
21:09:28.352 [ApplicationImpl pooled thread 4441] INFO  c.b.s.l.BrowserStackRunExtension - Agent path: null
21:17:17.134 [ApplicationImpl pooled thread 4456] INFO  c.b.s.l.BrowserStackRunExtension - testng
21:17:17.134 [ApplicationImpl pooled thread 4456] INFO  com.browserstack.sdk.utils.Helpers - null
21:17:17.134 [ApplicationImpl pooled thread 4456] INFO  c.b.s.l.BrowserStackRunExtension - Agent path: null
21:22:36.698 [ApplicationImpl pooled thread 4468] INFO  c.b.s.l.BrowserStackRunExtension - testng
21:22:36.698 [ApplicationImpl pooled thread 4468] INFO  com.browserstack.sdk.utils.Helpers - null
21:22:36.699 [ApplicationImpl pooled thread 4468] INFO  c.b.s.l.BrowserStackRunExtension - Agent path: null
21:24:00.198 [ApplicationImpl pooled thread 4476] INFO  c.b.s.l.BrowserStackRunExtension - testng
21:24:00.199 [ApplicationImpl pooled thread 4476] INFO  com.browserstack.sdk.utils.Helpers - null
21:24:00.199 [ApplicationImpl pooled thread 4476] INFO  c.b.s.l.BrowserStackRunExtension - Agent path: null
21:28:38.360 [ApplicationImpl pooled thread 4480] INFO  c.b.s.l.BrowserStackRunExtension - testng
21:28:38.361 [ApplicationImpl pooled thread 4480] INFO  com.browserstack.sdk.utils.Helpers - null
21:28:38.361 [ApplicationImpl pooled thread 4480] INFO  c.b.s.l.BrowserStackRunExtension - Agent path: null
21:28:44.750 [ApplicationImpl pooled thread 4478] INFO  c.b.s.l.BrowserStackRunExtension - testng
21:28:44.751 [ApplicationImpl pooled thread 4478] INFO  com.browserstack.sdk.utils.Helpers - null
21:28:44.751 [ApplicationImpl pooled thread 4478] INFO  c.b.s.l.BrowserStackRunExtension - Agent path: null
